---
source: src/record/opt.rs
expression: wire
---
[
    0,
    0,
    41,
    5,
    32,
    0,
    0,
    128,
    0,
    0,
    9,
    0,
    3,
    0,
    5,
    114,
    101,
    97,
    108,
    109,
]
