---
source: src/record/rp.rs
expression: wire
---
[
    7,
    101,
    120,
    97,
    109,
    112,
    108,
    101,
    3,
    99,
    111,
    109,
    0,
    0,
    17,
    0,
    1,
    0,
    1,
    81,
    128,
    0,
    43,
    4,
    114,
    111,
    111,
    116,
    7,
    101,
    120,
    97,
    109,
    112,
    108,
    101,
    3,
    99,
    111,
    109,
    0,
    4,
    114,
    111,
    111,
    116,
    6,
    112,
    101,
    111,
    112,
    108,
    101,
    7,
    101,
    120,
    97,
    109,
    112,
    108,
    101,
    3,
    99,
    111,
    109,
    0,
]
