---
source: src/record/srv.rs
expression: wire
---
[
    6,
    95,
    105,
    109,
    97,
    112,
    115,
    4,
    95,
    116,
    99,
    112,
    7,
    101,
    120,
    97,
    109,
    112,
    108,
    101,
    3,
    99,
    111,
    109,
    0,
    0,
    33,
    0,
    1,
    0,
    0,
    14,
    16,
    0,
    24,
    0,
    10,
    0,
    10,
    3,
    225,
    4,
    105,
    109,
    97,
    112,
    7,
    101,
    120,
    97,
    109,
    112,
    108,
    101,
    3,
    99,
    111,
    109,
    0,
]
