---
source: src/record/in_a.rs
expression: record
---
iota.host.example.com.	3600	IN	A	192.0.2.1
