---
source: src/record/soa.rs
expression: wire
---
[
    4,
    104,
    111,
    115,
    116,
    7,
    101,
    120,
    97,
    109,
    112,
    108,
    101,
    3,
    99,
    111,
    109,
    0,
    0,
    6,
    0,
    1,
    0,
    0,
    1,
    44,
    0,
    56,
    3,
    100,
    121,
    110,
    7,
    101,
    120,
    97,
    109,
    112,
    108,
    101,
    3,
    99,
    111,
    109,
    0,
    5,
    97,
    100,
    109,
    105,
    110,
    7,
    101,
    120,
    97,
    109,
    112,
    108,
    101,
    3,
    99,
    111,
    109,
    0,
    120,
    133,
    108,
    245,
    0,
    0,
    14,
    16,
    0,
    0,
    7,
    8,
    0,
    1,
    81,
    128,
    0,
    0,
    1,
    44,
]
